
> SmarTax@0.1.0 build
> next build

   Γû▓ Next.js 15.5.15
   - Environments: .env.local

   Creating an optimized production build ...
 Γ£ô Compiled successfully in 6.4s
   Linting and checking validity of types ...
