
> SmarTax@0.1.0 build
> next build

npm :  ΓÜá Warning: Next.js inferred your 
workspace root, but it may not be correct.
At line:1 char:1
+ npm run build > build_output.txt 2>&1
+ ~~~~~~~~~~~~~~~~~~~~~~~~~~~~~~~~~~~~~
    + CategoryInfo          : NotSpecified: ( ΓÜ 
   á Warning: N...not be correct.:String) [], R  
  emoteException
    + FullyQualifiedErrorId : NativeCommandError
 
 We detected multiple lockfiles and selected the 
directory of C:\Users\Adib\package-lock.json as 
the root directory.
 To silence this warning, set 
`outputFileTracingRoot` in your Next.js config, 
or consider removing one of the lockfiles if 
it's not needed.
   See https://nextjs.org/docs/app/api-reference/
config/next-config-js/output#caveats for more 
information.
 Detected additional lockfiles: 
   * 
C:\Users\Adib\Desktop\SmarTax\package-lock.json

   Γû▓ Next.js 15.5.15
   - Environments: .env.local

   Creating an optimized production build ...
 Γ£ô Compiled successfully in 3.9s
   Linting and checking validity of types ...
Failed to compile.

./app/business/results/[filingId]/page.tsx:97:86
Type error: Property 'paidUpCapital' does not 
exist on type '{}'.

[0m [90m  95 |[39m             
[33m<[39m[33mdiv[39m 
className[33m=[39m[32m"rounded-xl bg-slate-50 
p-4"[39m[33m>[39m
 [90m  96 |[39m               
[33m<[39m[33mp[39m className[33m=[39m[32m"
text-slate-500"[39m[33m>[39m[33mPaid[39m[33
m-[39mup [33mCapital[39m[33m<[39m[33m/[39m
[33mp[39m[33m>[39m
[31m[1m>[22m[39m[90m  97 |[39m             
  [33m<[39m[33mp[39m 
className[33m=[39m[32m"font-bold 
text-slate-900"[39m[33m>[39m[33mRM[39m {form
atNumber(qualification[33m.[39mpaidUpCapital)}
[33m<[39m[33m/[39m[33mp[39m[33m>[39m
 [90m     |[39m                                
                                                 
     [31m[1m^[22m[39m
 [90m  98 |[39m               
[33m<[39m[33mp[39m 
className[33m=[39m[32m"text-xs text-slate-500 
mt-1"[39m[33m>[39m[33mThreshold[39m[33m:[3
9m {[32m'<='[39m} [33mRM2[39m[33m,[39m[35m
500[39m[33m,[39m[35m000[39m[33m<[39m[33m/
[39m[33mp[39m[33m>[39m
 [90m  99 |[39m             
[33m<[39m[33m/[39m[33mdiv[39m[33m>[39m
 [90m 100 |[39m             
[33m<[39m[33mdiv[39m 
className[33m=[39m[32m"rounded-xl bg-slate-50 
p-4"[39m[33m>[39m[0m
Next.js build worker exited with code: 1 and 
signal: null
