
> SmarTax@0.1.0 test:coverage
> jest --coverage

npm :  ΓÜá Warning: Next.js inferred your workspace root, but it may not be correct.
At line:1 char:1
+ npm run test:coverage 2>&1 | Tee-Object -FilePath "test-output.txt"
+ ~~~~~~~~~~~~~~~~~~~~~~~~~~
    + CategoryInfo          : NotSpecified: ( ΓÜá Warning: N...not be correct.:String) 
    [], RemoteException
    + FullyQualifiedErrorId : NativeCommandError
 
 We detected multiple lockfiles and selected the directory of 
C:\Users\Adib\package-lock.json as the root directory.
 To silence this warning, set `outputFileTracingRoot` in your Next.js config, or 
consider removing one of the lockfiles if it's not needed.
   See https://nextjs.org/docs/app/api-reference/config/next-config-js/output#caveats 
for more information.
 Detected additional lockfiles: 
   * C:\Users\Adib\Desktop\SmarTax\package-lock.json

FAIL __tests__/ai-ask-smartax.test.ts
  ΓùÅ Ask SmarTax AI - GLM Output Validation (AI-01 to AI-05) ΓÇ║ AI-01: GLM should 
explain top reliefs for SME correctly

    expect(received).toContain(expected) // indexOf

    Expected substring: "Small value asset"
    Received string:    "Based on your filing (ID: filing_sme_001), with gross income 
of RM1,200,000, here is the information..."

    [0m [90m 38 |[39m     [90m// Γ£ô Response length 2-5 sentences[39m
     [90m 39 |[39m     
expect(response[33m.[39msuccess)[33m.[39mtoBe([36mtrue[39m)
    [31m[1m>[22m[39m[90m 40 |[39m     
expect(response[33m.[39mtext)[33m.[39mtoContain([32m'Small value asset'[39m)
     [90m    |[39m                           [31m[1m^[22m[39m
     [90m 41 |[39m     
expect(response[33m.[39mtext)[33m.[39mtoContain([32m'Education'[39m)
     [90m 42 |[39m     expect(response[33m.[39mtext[33m.[39mlength)[33m.[39mtoB
eGreaterThan([35m50[39m)
     [90m 43 |[39m     expect(response[33m.[39mtext[33m.[39mlength)[33m.[39mtoB
eLessThan([35m500[39m)[0m

      at Object.toContain (__tests__/ai-ask-smartax.test.ts:40:27)

  ΓùÅ Ask SmarTax AI - GLM Output Validation (AI-01 to AI-05) ΓÇ║ AI-02: GLM should 
recalculate tax correctly on hypothetical changes

    expect(received).toBe(expected) // Object.is equality

    Expected: true
    Received: undefined

    [0m [90m 68 |[39m     
expect(response[33m.[39msuccess)[33m.[39mtoBe([36mtrue[39m)
     [90m 69 |[39m     
expect(response[33m.[39mtext)[33m.[39mtoMatch([35m/tax|RM|amount/i[39m)
    [31m[1m>[22m[39m[90m 70 |[39m     
expect(response[33m.[39mmentionsTaxChange)[33m.[39mtoBe([36mtrue[39m)
     [90m    |[39m                                        [31m[1m^[22m[39m
     [90m 71 |[39m     
expect([33mMath[39m[33m.[39mabs(response[33m.[39mcalculatedDifference 
[33m-[39m [35m24000[39m))[33m.[39mtoBeLessThan([35m1200[39m) [90m// ┬▒5%[39m
     [90m 72 |[39m   })
     [90m 73 |[39m[0m

      at Object.toBe (__tests__/ai-ask-smartax.test.ts:70:40)

  ΓùÅ Ask SmarTax AI - GLM Output Validation (AI-01 to AI-05) ΓÇ║ AI-03: GLM should 
identify missed deduction opportunities

    expect(received).toMatch(expected)

    Expected pattern: /training|research|export/i
    Received string:  "Based on your filing (ID: filing_sme_003), with gross income of 
RM800,000, here is the information..."

    [0m [90m  95 |[39m     [90m// Γ£ô Should cite ITA sections if mentioning 
reliefs[39m
     [90m  96 |[39m     
expect(response[33m.[39msuccess)[33m.[39mtoBe([36mtrue[39m)
    [31m[1m>[22m[39m[90m  97 |[39m     expect(response[33m.[39mtext)[33m.[39m
toMatch([35m/training|research|export/i[39m)
     [90m     |[39m                           [31m[1m^[22m[39m
     [90m  98 |[39m     
expect(response[33m.[39mhasMadeUpReliefs)[33m.[39mtoBe([36mfalse[39m)
     [90m  99 |[39m     expect(response[33m.[39mtext[33m.[39mlength)[33m.[39mto
BeGreaterThan([35m100[39m)
     [90m 100 |[39m   })[0m

      at Object.toMatch (__tests__/ai-ask-smartax.test.ts:97:27)

PASS __tests__/setup.test.tsx
PASS __tests__/sme-tax-calculation.test.ts
PASS __tests__/p-and-l-form.test.ts
---------------------------------|---------|----------|---------|---------|-------------------
File                             | % Stmts | % Branch | % Funcs | % Lines | Uncovered Line #s 
---------------------------------|---------|----------|---------|---------|-------------------
All files                        |       0 |        0 |       0 |       0 |                   
 app                             |       0 |      100 |       0 |       0 |                   
  layout.tsx                     |       0 |      100 |       0 |       0 | 2-22              
  page.tsx                       |       0 |      100 |       0 |       0 | 1-56              
 app/(auth)/login                |       0 |        0 |       0 |       0 |                   
  page.tsx                       |       0 |        0 |       0 |       0 | 3-55              
 app/(auth)/signup               |       0 |        0 |       0 |       0 |                   
  page.tsx                       |       0 |        0 |       0 |       0 | 3-55              
 app/api/ask                     |       0 |        0 |       0 |       0 |                   
  route.ts                       |       0 |        0 |       0 |       0 | 1-69              
 app/api/business/p-and-l        |       0 |        0 |       0 |       0 |                   
  route.ts                       |       0 |        0 |       0 |       0 | 1-115             
 app/api/business/sme-wizard     |       0 |        0 |       0 |       0 |                   
  route.ts                       |       0 |        0 |       0 |       0 | 1-301             
 app/api/calculate-tax           |       0 |        0 |       0 |       0 |                   
  route.ts                       |       0 |        0 |       0 |       0 | 1-16              
 app/api/extract-ea              |       0 |        0 |       0 |       0 |                   
  route.ts                       |       0 |        0 |       0 |       0 | 1-104             
 app/api/find-reliefs            |       0 |        0 |       0 |       0 |                   
  route.ts                       |       0 |        0 |       0 |       0 | 1-116             
 app/api/rulings/search          |       0 |        0 |       0 |       0 |                   
  route.ts                       |       0 |        0 |       0 |       0 | 1-19              
 app/api/scenario                |       0 |        0 |       0 |       0 |                   
  route.ts                       |       0 |        0 |       0 |       0 | 1-35              
 app/api/submit-ea-form          |       0 |        0 |       0 |       0 |                   
  route.ts                       |       0 |        0 |       0 |       0 | 1-34              
 app/business/p-and-l            |       0 |        0 |       0 |       0 |                   
  page.tsx                       |       0 |        0 |       0 |       0 | 3-484             
 app/business/results/[filingId] |       0 |        0 |       0 |       0 |                   
  page.tsx                       |       0 |        0 |       0 |       0 | 1-138             
 app/business/wizard             |       0 |        0 |       0 |       0 |                   
  page.tsx                       |       0 |        0 |       0 |       0 | 3-222             
 app/chat                        |       0 |        0 |       0 |       0 |                   
  page.tsx                       |       0 |        0 |       0 |       0 | 3-112             
 app/dashboard                   |       0 |        0 |       0 |       0 |                   
  page.tsx                       |       0 |        0 |       0 |       0 | 1-42              
 app/dashboard/freelancer        |       0 |      100 |       0 |       0 |                   
  page.tsx                       |       0 |      100 |       0 |       0 | 1-3               
 app/dashboard/individual        |       0 |      100 |       0 |       0 |                   
  page.tsx                       |       0 |      100 |       0 |       0 | 1-3               
 app/dashboard/sme               |       0 |      100 |       0 |       0 |                   
  page.tsx                       |       0 |      100 |       0 |       0 | 1-3               
 app/freelance/invoices          |       0 |        0 |       0 |       0 |                   
  page.tsx                       |       0 |        0 |       0 |       0 | 3-331             
 app/results/[filingId]          |       0 |        0 |       0 |       0 |                   
  page.tsx                       |       0 |        0 |       0 |       0 | 1-43              
 app/simulator/[filingId]        |       0 |        0 |       0 |       0 |                   
  page.tsx                       |       0 |        0 |       0 |       0 | 3-35              
 app/upload                      |       0 |        0 |       0 |       0 |                   
  EAFormFields.ts                |       0 |      100 |     100 |       0 | 10                
  page.tsx                       |       0 |        0 |       0 |       0 | 3-447             
 app/wizard                      |       0 |        0 |       0 |       0 |                   
  page.tsx                       |       0 |        0 |       0 |       0 | 3-450             
 components/layout               |       0 |        0 |       0 |       0 |                   
  Footer.tsx                     |       0 |      100 |       0 |       0 | 1                 
  LanguageToggle.tsx             |       0 |        0 |       0 |       0 | 3-10              
  Navbar.tsx                     |       0 |      100 |       0 |       0 | 1-5               
 components/shared               |       0 |        0 |       0 |       0 |                   
  ErrorBoundary.tsx              |       0 |        0 |       0 |       0 | 3-42              
  LoadingSpinner.tsx             |       0 |        0 |       0 |       0 | 6-8               
 components/tax                  |       0 |        0 |       0 |       0 |                   
  ActionPlan.tsx                 |       0 |      100 |       0 |       0 | 12-39             
  CitationBadge.tsx              |       0 |        0 |       0 |       0 | 6-26              
  EAFormUploader.tsx             |       0 |        0 |       0 |       0 | 3-50              
  MissedMoneyCard.tsx            |       0 |        0 |       0 |       0 | 7-9               
  ReliefCard.tsx                 |       0 |      100 |       0 |       0 | 1-16              
  ReliefWizard.tsx               |       0 |        0 |       0 |       0 | 3-52              
  ScenarioSlider.tsx             |       0 |        0 |       0 |       0 | 13-28             
  TaxBreakdown.tsx               |       0 |        0 |       0 |       0 | 7-24              
 components/ui                   |       0 |        0 |       0 |       0 |                   
  button.tsx                     |       0 |        0 |       0 |       0 | 1-46              
  card.tsx                       |       0 |      100 |     100 |       0 | 1-50              
  dialog.tsx                     |       0 |      100 |     100 |       0 | 3-69              
  input.tsx                      |       0 |      100 |       0 |       0 | 1-21              
  slider.tsx                     |       0 |      100 |     100 |       0 | 3-24              
  tabs.tsx                       |       0 |      100 |     100 |       0 | 3-54              
 lib                             |       0 |      100 |       0 |       0 |                   
  log.ts                         |       0 |      100 |       0 |       0 | 1-6               
  utils.ts                       |       0 |      100 |       0 |       0 | 1-13              
 lib/glm                         |       0 |        0 |       0 |       0 |                   
  client.ts                      |       0 |        0 |       0 |       0 | 16-41             
  prompts.ts                     |       0 |        0 |       0 |       0 | 11-65             
 lib/ocr                         |       0 |        0 |       0 |       0 |                   
  ea.ts                          |       0 |        0 |       0 |       0 | 16-184            
 lib/pdf                         |       0 |        0 |       0 |       0 |                   
  parser.ts                      |       0 |        0 |       0 |       0 | 1-251             
 lib/rag                         |       0 |        0 |       0 |       0 |                   
  chunker.ts                     |       0 |        0 |       0 |       0 | 7-29              
  retriever.ts                   |       0 |        0 |       0 |       0 | 1-43              
 lib/supabase                    |       0 |      100 |       0 |       0 |                   
  client.ts                      |       0 |      100 |       0 |       0 | 1-5               
  server.ts                      |       0 |      100 |       0 |       0 | 1-20              
  types.ts                       |       0 |      100 |     100 |       0 | 530               
 lib/tax                         |       0 |        0 |       0 |       0 |                   
  bands.ts                       |       0 |      100 |     100 |       0 | 8                 
  engine.ts                      |       0 |        0 |       0 |       0 | 1-27              
  rebates.ts                     |       0 |        0 |       0 |       0 | 1-12              
  reliefs.ts                     |       0 |        0 |       0 |       0 | 52-842            
---------------------------------|---------|----------|---------|---------|-------------------

Test Suites: 1 failed, 3 passed, 4 total
Tests:       3 failed, 14 passed, 17 total
Snapshots:   0 total
Time:        6.036 s
Ran all test suites.
